/go-eCharger/072246/acp true
/go-eCharger/072246/acs 0
/go-eCharger/072246/acu 6
/go-eCharger/072246/adi true
/go-eCharger/072246/alwt 2036
/go-eCharger/072246/alw true
/go-eCharger/072246/ama 16
/go-eCharger/072246/amp 6
/go-eCharger/072246/amt 32
/go-eCharger/072246/ara true
/go-eCharger/072246/ate 18000
/go-eCharger/072246/att 21600
/go-eCharger/072246/avgfhz 49.9091301
/go-eCharger/072246/awc 0
/go-eCharger/072246/awcp {"start":1782115200,"end":1782118800,"marketprice":8.333000183}
/go-eCharger/072246/awe false
/go-eCharger/072246/awp 3
/go-eCharger/072246/bac 1
/go-eCharger/072246/c0e 0
/go-eCharger/072246/c0i true
/go-eCharger/072246/c0n "n/a"
/go-eCharger/072246/c1e 0
/go-eCharger/072246/c1i false
/go-eCharger/072246/c1n "n/a"
/go-eCharger/072246/c2e 0
/go-eCharger/072246/c2i false
/go-eCharger/072246/c2n "n/a"
/go-eCharger/072246/c3e 0
/go-eCharger/072246/c3i false
/go-eCharger/072246/c3n "n/a"
/go-eCharger/072246/c4e 0
/go-eCharger/072246/c4i false
/go-eCharger/072246/c4n "n/a"
/go-eCharger/072246/c5e 0
/go-eCharger/072246/c5i false
/go-eCharger/072246/c5n "n/a"
/go-eCharger/072246/c6e 0
/go-eCharger/072246/c6i false
/go-eCharger/072246/c6n "n/a"
/go-eCharger/072246/c7e 0
/go-eCharger/072246/c7i false
/go-eCharger/072246/c7n "n/a"
/go-eCharger/072246/c8e 0
/go-eCharger/072246/c8i false
/go-eCharger/072246/c8n "n/a"
/go-eCharger/072246/c9e 0
/go-eCharger/072246/c9i false
/go-eCharger/072246/c9n "n/a"
/go-eCharger/072246/car 1
/go-eCharger/072246/cards [{"name":"n/a","energy":0,"cardId":true},{"name":"n/a","energy":0,"cardId":false},{"name":"n/a","energy":0,"cardId":false},{"name":"n/a","energy":0,"cardId":false},{"name":"n/a","energy":0,"cardId":false},{"name":"n/a","energy":0,"cardId":false},{"name":"n/a","energy":0,"cardId":false},{"name":"n/a","energy":0,"cardId":false},{"name":"n/a","energy":0,"cardId":false},{"name":"n/a","energy":0,"cardId":false}]
/go-eCharger/072246/cbl null
/go-eCharger/072246/ccd null
/go-eCharger/072246/cch "#00FFFF"
/go-eCharger/072246/ccw {"ssid":"iot-side","encryptionType":3,"pairwiseCipher":4,"groupCipher":4,"b":true,"g":true,"n":true,"lr":false,"wps":false,"ftmResponder":false,"ftmInitiator":false,"channel":4,"bssid":"F6:06:8D:CF:A5:08","ip":"192.168.1.11","netmask":"255.255.255.0","gw":"192.168.1.254","ipv6":["FE80::AA03:2AFF:FE2C:3BA4","2003:E2:AF32:AB00:AA03:2AFF:FE2C:3BA4","FD65:36FB:1118:0:AA03:2AFF:FE2C:3BA4"]}
/go-eCharger/072246/cdi {"type":1,"value":0}
/go-eCharger/072246/cfi "#00FF00"
/go-eCharger/072246/cid "#0000FF"
/go-eCharger/072246/cll {"adapterCurrentLimit":16,"currentLimitMax":16,"requestedCurrent":6,"temperatureCurrentLimit":32,"unsymetryCurrentLimit":32}
/go-eCharger/072246/clp [6,10,12,14,16]
/go-eCharger/072246/csa false
/go-eCharger/072246/csd true
/go-eCharger/072246/ctrls null
/go-eCharger/072246/cus 1
/go-eCharger/072246/cwc "#FFFF00"
/go-eCharger/072246/deltap 0
/go-eCharger/072246/dfam "goecharger"
/go-eCharger/072246/di1 false
/go-eCharger/072246/die true
/go-eCharger/072246/dii false
/go-eCharger/072246/din 1
/go-eCharger/072246/dll "https://data.v3.go-e.io/export?e=eMf22aw6hcgiLDatIy5rFvgIeCIWFKBatG8_Pr11cvq09WXx6JL8XZc2vu5I05OjqJLtcA_FjjEu"
/go-eCharger/072246/dns {"dns0":"192.168.1.254","dns1":"0.0.0.0","dns2":"0.0.0.0"}
/go-eCharger/072246/dsrc null
/go-eCharger/072246/dwo null
/go-eCharger/072246/err 0
/go-eCharger/072246/eto 0
/go-eCharger/072246/evt null
/go-eCharger/072246/facacs 0
/go-eCharger/072246/fhz 50.0890007
/go-eCharger/072246/fmt 300000
/go-eCharger/072246/frc 0
/go-eCharger/072246/frm 1
/go-eCharger/072246/fsp false
/go-eCharger/072246/fst 1400
/go-eCharger/072246/fup true
/go-eCharger/072246/fwv "60.5"
/go-eCharger/072246/fzf false
/go-eCharger/072246/hai false
/go-eCharger/072246/hla false
/go-eCharger/072246/la1 16
/go-eCharger/072246/la3 16
/go-eCharger/072246/lbp null
/go-eCharger/072246/lbr 58
/go-eCharger/072246/lccfc null
/go-eCharger/072246/lccfi null
/go-eCharger/072246/lcctc null
/go-eCharger/072246/lcs 127003
/go-eCharger/072246/lmo 3
/go-eCharger/072246/lmsc 2036
/go-eCharger/072246/loa null
/go-eCharger/072246/loc "2026-06-22T10:03:44.324 +02:00"
/go-eCharger/072246/lrc null
/go-eCharger/072246/lri null
/go-eCharger/072246/lrr null
/go-eCharger/072246/lto 7200000
/go-eCharger/072246/lwf null
/go-eCharger/072246/mca 6
/go-eCharger/072246/mcr false
/go-eCharger/072246/men false
/go-eCharger/072246/modelStatus 15
/go-eCharger/072246/mptwt 600000
/go-eCharger/072246/mpwst 120000
/go-eCharger/072246/msb false
/go-eCharger/072246/msr false
/go-eCharger/072246/mstr null
/go-eCharger/072246/mstw null
/go-eCharger/072246/nmo false
/go-eCharger/072246/nrg [233,235,231,0,0,0,0,0,0,0,0,0,0,0,0,0]
/go-eCharger/072246/ocu ["60.5","60.4 BETA","60.3 BETA","60.2 BETA","60.1 BETA","60.0 BETA","58.1 BETA","57.1 OUTDATED","V 57.0 OUTDATED","V 56.11 OUTDATED","V 56.9 OUTDATED","V 56.8 OUTDATED","V 56.1 OUTDATED","V 055.8 OUTDATED","V 055.7 OUTDATED","V 055.5 OUTDATED","V 055.0 OUTDATED"]
/go-eCharger/072246/oem "go-e"
/go-eCharger/072246/pakku null
/go-eCharger/072246/pco ""
/go-eCharger/072246/pdi false
/go-eCharger/072246/pgr false
/go-eCharger/072246/pgrid null
/go-eCharger/072246/pgt 0
/go-eCharger/072246/pha [false,false,false,true,true,true]
/go-eCharger/072246/po -300
/go-eCharger/072246/ppv null
/go-eCharger/072246/psh 500
/go-eCharger/072246/psm 0
/go-eCharger/072246/psmd 10000
/go-eCharger/072246/rbc 93
/go-eCharger/072246/rbt 138861
/go-eCharger/072246/rde false
/go-eCharger/072246/rev "1"
/go-eCharger/072246/rssi -57
/go-eCharger/072246/sh 200
/go-eCharger/072246/spl3 4200
/go-eCharger/072246/sumd 10000
/go-eCharger/072246/tab 1782115285000
/go-eCharger/072246/tcl null
/go-eCharger/072246/tma [32.75,37.75]
/go-eCharger/072246/tpa 0
/go-eCharger/072246/trx null
/go-eCharger/072246/tsi null
/go-eCharger/072246/typ "go-eCharger"
/go-eCharger/072246/ufa 49.79999924
/go-eCharger/072246/ufe false
/go-eCharger/072246/ufm 0
/go-eCharger/072246/ufs 49
/go-eCharger/072246/ust 0
/go-eCharger/072246/utc "2026-06-22T08:03:44.317"
/go-eCharger/072246/uve false
/go-eCharger/072246/uvs 3000
/go-eCharger/072246/uvt 184
/go-eCharger/072246/var 11
/go-eCharger/072246/wb null
/go-eCharger/072246/wg null
/go-eCharger/072246/wh 0
/go-eCharger/072246/whb 0
/go-eCharger/072246/whg 0
/go-eCharger/072246/who 0
/go-eCharger/072246/whs 0
/go-eCharger/072246/wo 0
/go-eCharger/072246/ws null
/go-eCharger/072246/zfo 200
